[
  {
    "Position": 1,
    "CharaData": {
      "CharaId": "GalaLeonidas",
      "Exp": 1191950,
      "Level": 80,
      "AdditionalMaxLevel": 0,
      "Hp": 754,
      "Attack": 505,
      "ExAbilityLevel": 5,
      "ExAbility2Level": 5,
      "Ability1Level": 2,
      "Ability2Level": 2,
      "Ability3Level": 2,
      "IsNew": true,
      "Skill1Level": 3,
      "Skill2Level": 2,
      "BurstAttackLevel": 2,
      "Rarity": 5,
      "LimitBreakCount": 4,
      "HpPlusCount": 100,
      "AttackPlusCount": 100,
      "StatusPlusCount": 0,
      "ComboBuildupCount": 0,
      "IsUnlockEditSkill": false,
      "GetTime": "2020-12-28T06:38:44+00:00",
      "ManaCirclePieceIdList": [
        1,
        2,
        3,
        4,
        5,
        6,
        7,
        8,
        9,
        10,
        11,
        12,
        13,
        14,
        15,
        16,
        17,
        18,
        19,
        20,
        21,
        22,
        23,
        24,
        25,
        26,
        27,
        28,
        29,
        30,
        31,
        32,
        33,
        34,
        35,
        36,
        37,
        38,
        39,
        40,
        41,
        42,
        43,
        44,
        45,
        46,
        47,
        48,
        49,
        50
      ],
      "IsTemporary": false,
      "ListViewFlag": true
    },
    "DragonData": {
      "DragonId": "Horus",
      "DragonKeyId": 2029,
      "Level": 100,
      "Exp": 1240020,
      "IsLock": true,
      "IsNew": true,
      "Skill1Level": 2,
      "Ability1Level": 5,
      "Ability2Level": 0,
      "LimitBreakCount": 4,
      "HpPlusCount": 50,
      "AttackPlusCount": 50,
      "StatusPlusCount": 0,
      "GetTime": "2020-10-05T08:39:40+00:00"
    },
    "WeaponSkinData": {
      "WeaponSkinId": 0
    },
    "WeaponBodyData": {
      "WeaponBodyId": "Draupnir",
      "BuildupCount": 90,
      "LimitBreakCount": 9,
      "LimitOverCount": 2,
      "SkillNo": 1,
      "SkillLevel": 2,
      "Ability1Level": 3,
      "Ability2Level": 3,
      "EquipableCount": 2,
      "AdditionalCrestSlotType1Count": 1,
      "AdditionalCrestSlotType2Count": 0,
      "AdditionalCrestSlotType3Count": 2,
      "AdditionalEffectCount": 0
    },
    "CrestSlotType1CrestList": [
      {
        "AbilityCrestId": "PrimalCrisis",
        "BuildupCount": 50,
        "LimitBreakCount": 4,
        "EquipableCount": 4,
        "Ability1Level": 3,
        "Ability2Level": 3,
        "HpPlusCount": 50,
        "AttackPlusCount": 50
      },
      {
        "AbilityCrestId": "TheCutieCompetition",
        "BuildupCount": 50,
        "LimitBreakCount": 4,
        "EquipableCount": 4,
        "Ability1Level": 3,
        "Ability2Level": 3,
        "HpPlusCount": 50,
        "AttackPlusCount": 50
      },
      {
        "AbilityCrestId": "AnIndelibleDate",
        "BuildupCount": 50,
        "LimitBreakCount": 4,
        "EquipableCount": 3,
        "Ability1Level": 3,
        "Ability2Level": 3,
        "HpPlusCount": 50,
        "AttackPlusCount": 50
      }
    ],
    "CrestSlotType2CrestList": [
      {
        "AbilityCrestId": "BeautifulGunman",
        "BuildupCount": 40,
        "LimitBreakCount": 4,
        "EquipableCount": 2,
        "Ability1Level": 3,
        "Ability2Level": 3,
        "HpPlusCount": 50,
        "AttackPlusCount": 50
      },
      {
        "AbilityCrestId": "DragonArcanum",
        "BuildupCount": 10,
        "LimitBreakCount": 4,
        "EquipableCount": 4,
        "Ability1Level": 3,
        "Ability2Level": 3,
        "HpPlusCount": 50,
        "AttackPlusCount": 50
      }
    ],
    "CrestSlotType3CrestList": [
      {
        "AbilityCrestId": "AKnightsDreamAxesBoon",
        "BuildupCount": 30,
        "LimitBreakCount": 4,
        "EquipableCount": 4,
        "Ability1Level": 3,
        "Ability2Level": 3,
        "HpPlusCount": 40,
        "AttackPlusCount": 40
      },
      {
        "AbilityCrestId": "CrownofLightSerpentsBoon",
        "BuildupCount": 30,
        "LimitBreakCount": 4,
        "EquipableCount": 3,
        "Ability1Level": 3,
        "Ability2Level": 3,
        "HpPlusCount": 40,
        "AttackPlusCount": 40
      }
    ],
    "TalismanData": {
      "TalismanKeyId": 3471,
      "TalismanId": "GalaLeonidas",
      "TalismanAbilityId1": 340000049,
      "TalismanAbilityId2": 340000133,
      "TalismanAbilityId3": 0,
      "AdditionalHp": 0,
      "AdditionalAttack": 0,
      "IsNew": true,
      "IsLock": true,
      "GetTime": "2021-12-30T00:55:01+00:00"
    },
    "EditSkill1CharaData": {
      "CharaId": "GalaZethia",
      "EditSkillLevel": 3
    },
    "EditSkill2CharaData": {
      "CharaId": "GalaMascula",
      "EditSkillLevel": 2
    },
    "GameWeaponPassiveAbilityList": [],
    "DragonReliabilityLevel": 30
  },
  {
    "Position": 2,
    "CharaData": {
      "CharaId": "GalaGatov",
      "Exp": 1191950,
      "Level": 80,
      "AdditionalMaxLevel": 0,
      "Hp": 742,
      "Attack": 518,
      "ExAbilityLevel": 5,
      "ExAbility2Level": 5,
      "Ability1Level": 2,
      "Ability2Level": 2,
      "Ability3Level": 2,
      "IsNew": true,
      "Skill1Level": 3,
      "Skill2Level": 2,
      "BurstAttackLevel": 2,
      "Rarity": 5,
      "LimitBreakCount": 4,
      "HpPlusCount": 100,
      "AttackPlusCount": 100,
      "StatusPlusCount": 0,
      "ComboBuildupCount": 0,
      "IsUnlockEditSkill": false,
      "GetTime": "2022-04-05T07:31:10+00:00",
      "ManaCirclePieceIdList": [
        1,
        2,
        3,
        4,
        5,
        6,
        7,
        8,
        9,
        10,
        11,
        12,
        13,
        14,
        15,
        16,
        17,
        18,
        19,
        20,
        21,
        22,
        23,
        24,
        25,
        26,
        27,
        28,
        29,
        30,
        31,
        32,
        33,
        34,
        35,
        36,
        37,
        38,
        39,
        40,
        41,
        42,
        43,
        44,
        45,
        46,
        47,
        48,
        49,
        50
      ],
      "IsTemporary": false,
      "ListViewFlag": true
    },
    "DragonData": {
      "DragonId": "GalaMars",
      "DragonKeyId": 2012,
      "Level": 100,
      "Exp": 1240020,
      "IsLock": true,
      "IsNew": true,
      "Skill1Level": 2,
      "Ability1Level": 5,
      "Ability2Level": 5,
      "LimitBreakCount": 4,
      "HpPlusCount": 50,
      "AttackPlusCount": 50,
      "StatusPlusCount": 0,
      "GetTime": "2020-04-27T05:22:45+00:00"
    },
    "WeaponSkinData": {
      "WeaponSkinId": 0
    },
    "WeaponBodyData": {
      "WeaponBodyId": "Mjoelnir",
      "BuildupCount": 80,
      "LimitBreakCount": 8,
      "LimitOverCount": 1,
      "SkillNo": 1,
      "SkillLevel": 2,
      "Ability1Level": 2,
      "Ability2Level": 2,
      "EquipableCount": 1,
      "AdditionalCrestSlotType1Count": 1,
      "AdditionalCrestSlotType2Count": 0,
      "AdditionalCrestSlotType3Count": 2,
      "AdditionalEffectCount": 0
    },
    "CrestSlotType1CrestList": [
      {
        "AbilityCrestId": "TheCutieCompetition",
        "BuildupCount": 50,
        "LimitBreakCount": 4,
        "EquipableCount": 4,
        "Ability1Level": 3,
        "Ability2Level": 3,
        "HpPlusCount": 50,
        "AttackPlusCount": 50
      },
      {
        "AbilityCrestId": "KungFuMasters",
        "BuildupCount": 50,
        "LimitBreakCount": 4,
        "EquipableCount": 1,
        "Ability1Level": 3,
        "Ability2Level": 3,
        "HpPlusCount": 50,
        "AttackPlusCount": 50
      },
      {
        "AbilityCrestId": "BondsBetweenWorlds",
        "BuildupCount": 50,
        "LimitBreakCount": 4,
        "EquipableCount": 4,
        "Ability1Level": 3,
        "Ability2Level": 3,
        "HpPlusCount": 50,
        "AttackPlusCount": 50
      }
    ],
    "CrestSlotType2CrestList": [
      {
        "AbilityCrestId": "DragonArcanum",
        "BuildupCount": 10,
        "LimitBreakCount": 4,
        "EquipableCount": 4,
        "Ability1Level": 3,
        "Ability2Level": 3,
        "HpPlusCount": 50,
        "AttackPlusCount": 50
      },
      {
        "AbilityCrestId": "BeautifulNothingness",
        "BuildupCount": 40,
        "LimitBreakCount": 4,
        "EquipableCount": 4,
        "Ability1Level": 3,
        "Ability2Level": 3,
        "HpPlusCount": 50,
        "AttackPlusCount": 50
      }
    ],
    "CrestSlotType3CrestList": [
      {
        "AbilityCrestId": "TutelarysDestinyWolfsBoon",
        "BuildupCount": 30,
        "LimitBreakCount": 4,
        "EquipableCount": 4,
        "Ability1Level": 3,
        "Ability2Level": 3,
        "HpPlusCount": 40,
        "AttackPlusCount": 40
      },
      {
        "AbilityCrestId": "TestamentofEternityFishsBoon",
        "BuildupCount": 30,
        "LimitBreakCount": 4,
        "EquipableCount": 1,
        "Ability1Level": 3,
        "Ability2Level": 3,
        "HpPlusCount": 40,
        "AttackPlusCount": 40
      }
    ],
    "TalismanData": {
      "TalismanKeyId": 3451,
      "TalismanId": "GalaMym",
      "TalismanAbilityId1": 340000029,
      "TalismanAbilityId2": 340000077,
      "TalismanAbilityId3": 0,
      "AdditionalHp": 0,
      "AdditionalAttack": 0,
      "IsNew": true,
      "IsLock": true,
      "GetTime": "2021-12-27T10:29:11+00:00"
    },
    "EditSkill1CharaData": {
      "CharaId": "Empty",
      "EditSkillLevel": 0
    },
    "EditSkill2CharaData": {
      "CharaId": "Empty",
      "EditSkillLevel": 0
    },
    "GameWeaponPassiveAbilityList": [],
    "DragonReliabilityLevel": 30
  }
]
