[
  {
    "position": 1,
    "chara_data": {
      "chara_id": "HalloweenLaxi",
      "exp": 1191950,
      "level": 80,
      "additional_max_level": 0,
      "hp": 758,
      "attack": 502,
      "ex_ability_level": 5,
      "ex_ability_2_level": 5,
      "ability_1_level": 2,
      "ability_2_level": 2,
      "ability_3_level": 2,
      "is_new": 1,
      "skill_1_level": 3,
      "skill_2_level": 2,
      "burst_attack_level": 2,
      "rarity": 5,
      "limit_break_count": 4,
      "hp_plus_count": 100,
      "attack_plus_count": 100,
      "status_plus_count": 0,
      "combo_buildup_count": 0,
      "is_unlock_edit_skill": true,
      "gettime": "2021-11-03T09:29:48+00:00",
      "mana_circle_piece_id_list": [
        1,
        2,
        3,
        4,
        5,
        6,
        7,
        8,
        9,
        10,
        11,
        12,
        13,
        14,
        15,
        16,
        17,
        18,
        19,
        20,
        21,
        22,
        23,
        24,
        25,
        26,
        27,
        28,
        29,
        30,
        31,
        32,
        33,
        34,
        35,
        36,
        37,
        38,
        39,
        40,
        41,
        42,
        43,
        44,
        45,
        46,
        47,
        48,
        49,
        50
      ],
      "is_temporary": 0,
      "list_view_flag": 1
    },
    "dragon_data": {
      "dragon_id": "GalaElysium",
      "dragon_key_id": 116,
      "level": 100,
      "exp": 1240020,
      "is_lock": false,
      "is_new": true,
      "get_time": "2022-03-27T11:40:13+00:00",
      "skill_1_level": 2,
      "ability_1_level": 5,
      "ability_2_level": 5,
      "limit_break_count": 4,
      "hp_plus_count": 50,
      "attack_plus_count": 50,
      "status_plus_count": 0
    },
    "weapon_skin_data": {
      "weapon_skin_id": 0
    },
    "weapon_body_data": {
      "weapon_body_id": "GaeAssail",
      "buildup_count": 90,
      "limit_break_count": 9,
      "limit_over_count": 2,
      "skill_no": 1,
      "skill_level": 2,
      "ability_1_level": 3,
      "ability_2_level": 3,
      "equipable_count": 1,
      "additional_crest_slot_type_1_count": 1,
      "additional_crest_slot_type_2_count": 0,
      "additional_crest_slot_type_3_count": 2,
      "additional_effect_count": 0
    },
    "crest_slot_type_1_crest_list": [
      {
        "ability_crest_id": "SpiritoftheSeason",
        "buildup_count": 50,
        "limit_break_count": 4,
        "equipable_count": 4,
        "ability_1_level": 3,
        "ability_2_level": 3,
        "hp_plus_count": 50,
        "attack_plus_count": 50
      },
      {
        "ability_crest_id": "MemoryofaFriend",
        "buildup_count": 50,
        "limit_break_count": 4,
        "equipable_count": 1,
        "ability_1_level": 3,
        "ability_2_level": 3,
        "hp_plus_count": 50,
        "attack_plus_count": 50
      },
      {
        "ability_crest_id": "ExtremeTeamwork",
        "buildup_count": 50,
        "limit_break_count": 4,
        "equipable_count": 4,
        "ability_1_level": 3,
        "ability_2_level": 3,
        "hp_plus_count": 50,
        "attack_plus_count": 50
      }
    ],
    "crest_slot_type_2_crest_list": [
      {
        "ability_crest_id": "EntertheBlueRose",
        "buildup_count": 40,
        "limit_break_count": 4,
        "equipable_count": 2,
        "ability_1_level": 3,
        "ability_2_level": 3,
        "hp_plus_count": 50,
        "attack_plus_count": 50
      },
      {
        "ability_crest_id": "ASmallCourage",
        "buildup_count": 40,
        "limit_break_count": 4,
        "equipable_count": 2,
        "ability_1_level": 3,
        "ability_2_level": 3,
        "hp_plus_count": 50,
        "attack_plus_count": 50
      }
    ],
    "crest_slot_type_3_crest_list": [
      {
        "ability_crest_id": "AnUnfreezingFlowerAxesBoon",
        "buildup_count": 30,
        "limit_break_count": 4,
        "equipable_count": 1,
        "ability_1_level": 3,
        "ability_2_level": 3,
        "hp_plus_count": 40,
        "attack_plus_count": 40
      },
      {
        "ability_crest_id": "TutelarysDestinyWolfsBoon",
        "buildup_count": 30,
        "limit_break_count": 4,
        "equipable_count": 4,
        "ability_1_level": 3,
        "ability_2_level": 3,
        "hp_plus_count": 40,
        "attack_plus_count": 40
      }
    ],
    "talisman_data": {
      "talisman_key_id": 35,
      "talisman_id": "HalloweenLaxi",
      "talisman_ability_id_1": 340000050,
      "talisman_ability_id_2": 340000056,
      "talisman_ability_id_3": 0,
      "additional_hp": 0,
      "additional_attack": 0,
      "is_new": true,
      "is_lock": true,
      "gettime": "2021-12-31T02:56:30+00:00"
    },
    "edit_skill_1_chara_data": {
      "chara_id": "Sharena",
      "edit_skill_level": 3
    },
    "edit_skill_2_chara_data": {
      "chara_id": "Ilia",
      "edit_skill_level": 3
    },
    "game_weapon_passive_ability_list": [
      {
        "weapon_passive_ability_id": 1090409
      }
    ],
    "dragon_reliability_level": 22
  },
  {
    "position": 2,
    "chara_data": {
      "chara_id": "Albert",
      "exp": 8866950,
      "level": 100,
      "additional_max_level": 20,
      "hp": 908,
      "attack": 602,
      "ex_ability_level": 5,
      "ex_ability_2_level": 5,
      "ability_1_level": 3,
      "ability_2_level": 3,
      "ability_3_level": 3,
      "is_new": 1,
      "skill_1_level": 4,
      "skill_2_level": 3,
      "burst_attack_level": 2,
      "rarity": 5,
      "limit_break_count": 5,
      "hp_plus_count": 100,
      "attack_plus_count": 100,
      "status_plus_count": 0,
      "combo_buildup_count": 1,
      "is_unlock_edit_skill": false,
      "gettime": "2019-09-30T00:20:58+00:00",
      "mana_circle_piece_id_list": [
        1,
        2,
        3,
        4,
        5,
        6,
        7,
        8,
        9,
        10,
        11,
        12,
        13,
        14,
        15,
        16,
        17,
        18,
        19,
        20,
        21,
        22,
        23,
        24,
        25,
        26,
        27,
        28,
        29,
        30,
        31,
        32,
        33,
        34,
        35,
        36,
        37,
        38,
        39,
        40,
        41,
        42,
        43,
        44,
        45,
        46,
        47,
        48,
        49,
        50,
        51,
        52,
        53,
        54,
        55,
        56,
        57,
        58,
        59,
        60,
        61,
        62,
        63,
        64,
        65,
        66,
        67,
        68,
        69,
        70
      ],
      "is_temporary": 0,
      "list_view_flag": 1
    },
    "dragon_data": {
      "dragon_id": "GalaChronosNyx",
      "dragon_key_id": 110,
      "level": 100,
      "exp": 1240020,
      "is_lock": false,
      "is_new": true,
      "get_time": "2021-10-30T07:53:26+00:00",
      "skill_1_level": 2,
      "ability_1_level": 5,
      "ability_2_level": 5,
      "limit_break_count": 4,
      "hp_plus_count": 50,
      "attack_plus_count": 50,
      "status_plus_count": 0
    },
    "weapon_skin_data": {
      "weapon_skin_id": 0
    },
    "weapon_body_data": {
      "weapon_body_id": "Caladbolg",
      "buildup_count": 80,
      "limit_break_count": 8,
      "limit_over_count": 2,
      "skill_no": 1,
      "skill_level": 2,
      "ability_1_level": 3,
      "ability_2_level": 3,
      "equipable_count": 1,
      "additional_crest_slot_type_1_count": 1,
      "additional_crest_slot_type_2_count": 0,
      "additional_crest_slot_type_3_count": 2,
      "additional_effect_count": 0
    },
    "crest_slot_type_1_crest_list": [
      {
        "ability_crest_id": "AdventureinthePast",
        "buildup_count": 50,
        "limit_break_count": 4,
        "equipable_count": 2,
        "ability_1_level": 3,
        "ability_2_level": 3,
        "hp_plus_count": 50,
        "attack_plus_count": 50
      },
      {
        "ability_crest_id": "ExtremeTeamwork",
        "buildup_count": 50,
        "limit_break_count": 4,
        "equipable_count": 4,
        "ability_1_level": 3,
        "ability_2_level": 3,
        "hp_plus_count": 50,
        "attack_plus_count": 50
      },
      {
        "ability_crest_id": "SeasidePrincess",
        "buildup_count": 50,
        "limit_break_count": 4,
        "equipable_count": 3,
        "ability_1_level": 3,
        "ability_2_level": 3,
        "hp_plus_count": 50,
        "attack_plus_count": 50
      }
    ],
    "crest_slot_type_2_crest_list": [
      {
        "ability_crest_id": "AGameofCatandBoar",
        "buildup_count": 40,
        "limit_break_count": 4,
        "equipable_count": 1,
        "ability_1_level": 3,
        "ability_2_level": 3,
        "hp_plus_count": 50,
        "attack_plus_count": 50
      },
      {
        "ability_crest_id": "SnipersAllure",
        "buildup_count": 40,
        "limit_break_count": 4,
        "equipable_count": 4,
        "ability_1_level": 3,
        "ability_2_level": 3,
        "hp_plus_count": 50,
        "attack_plus_count": 50
      }
    ],
    "crest_slot_type_3_crest_list": [
      {
        "ability_crest_id": "TestamentofEternityFishsBoon",
        "buildup_count": 30,
        "limit_break_count": 4,
        "equipable_count": 1,
        "ability_1_level": 3,
        "ability_2_level": 3,
        "hp_plus_count": 40,
        "attack_plus_count": 40
      },
      {
        "ability_crest_id": "TutelarysDestinyWolfsBoon",
        "buildup_count": 30,
        "limit_break_count": 4,
        "equipable_count": 4,
        "ability_1_level": 3,
        "ability_2_level": 3,
        "hp_plus_count": 40,
        "attack_plus_count": 40
      }
    ],
    "talisman_data": {
      "talisman_key_id": 126,
      "talisman_id": "HalloweenLaxi",
      "talisman_ability_id_1": 340000009,
      "talisman_ability_id_2": 340000076,
      "talisman_ability_id_3": 0,
      "additional_hp": 0,
      "additional_attack": 0,
      "is_new": true,
      "is_lock": true,
      "gettime": "2022-01-18T18:57:35+00:00"
    },
    "edit_skill_1_chara_data": {
      "chara_id": "Cleo",
      "edit_skill_level": 4
    },
    "edit_skill_2_chara_data": {
      "chara_id": "Ranzal",
      "edit_skill_level": 4
    },
    "game_weapon_passive_ability_list": [
      {
        "weapon_passive_ability_id": 1010405
      },
      {
        "weapon_passive_ability_id": 1010408
      },
      {
        "weapon_passive_ability_id": 1010409
      }
    ],
    "dragon_reliability_level": 30
  },
  {
    "position": 3,
    "chara_data": {
      "chara_id": "GalaZena",
      "exp": 8866950,
      "level": 100,
      "additional_max_level": 20,
      "hp": 923,
      "attack": 586,
      "ex_ability_level": 5,
      "ex_ability_2_level": 5,
      "ability_1_level": 3,
      "ability_2_level": 3,
      "ability_3_level": 3,
      "is_new": 1,
      "skill_1_level": 4,
      "skill_2_level": 3,
      "burst_attack_level": 2,
      "rarity": 5,
      "limit_break_count": 5,
      "hp_plus_count": 100,
      "attack_plus_count": 100,
      "status_plus_count": 0,
      "combo_buildup_count": 1,
      "is_unlock_edit_skill": true,
      "gettime": "2020-09-30T06:09:26+00:00",
      "mana_circle_piece_id_list": [
        1,
        2,
        3,
        4,
        5,
        6,
        7,
        8,
        9,
        10,
        11,
        12,
        13,
        14,
        15,
        16,
        17,
        18,
        19,
        20,
        21,
        22,
        23,
        24,
        25,
        26,
        27,
        28,
        29,
        30,
        31,
        32,
        33,
        34,
        35,
        36,
        37,
        38,
        39,
        40,
        41,
        42,
        43,
        44,
        45,
        46,
        47,
        48,
        49,
        50,
        51,
        52,
        53,
        54,
        55,
        56,
        57,
        58,
        59,
        60,
        61,
        62,
        63,
        64,
        65,
        66,
        67,
        68,
        69,
        70
      ],
      "is_temporary": 0,
      "list_view_flag": 1
    },
    "dragon_data": {
      "dragon_id": "JeanneDArc",
      "dragon_key_id": 36,
      "level": 120,
      "exp": 3365620,
      "is_lock": true,
      "is_new": true,
      "get_time": "2019-10-13T08:40:10+00:00",
      "skill_1_level": 2,
      "ability_1_level": 6,
      "ability_2_level": 6,
      "limit_break_count": 5,
      "hp_plus_count": 50,
      "attack_plus_count": 50,
      "status_plus_count": 0
    },
    "weapon_skin_data": {
      "weapon_skin_id": 0
    },
    "weapon_body_data": {
      "weapon_body_id": "DelFrith",
      "buildup_count": 80,
      "limit_break_count": 8,
      "limit_over_count": 1,
      "skill_no": 1,
      "skill_level": 2,
      "ability_1_level": 2,
      "ability_2_level": 2,
      "equipable_count": 1,
      "additional_crest_slot_type_1_count": 1,
      "additional_crest_slot_type_2_count": 0,
      "additional_crest_slot_type_3_count": 2,
      "additional_effect_count": 0
    },
    "crest_slot_type_1_crest_list": [
      {
        "ability_crest_id": "ExtremeTeamwork",
        "buildup_count": 50,
        "limit_break_count": 4,
        "equipable_count": 4,
        "ability_1_level": 3,
        "ability_2_level": 3,
        "hp_plus_count": 50,
        "attack_plus_count": 50
      },
      {
        "ability_crest_id": "JewelsoftheSun",
        "buildup_count": 50,
        "limit_break_count": 4,
        "equipable_count": 2,
        "ability_1_level": 3,
        "ability_2_level": 3,
        "hp_plus_count": 50,
        "attack_plus_count": 50
      },
      {
        "ability_crest_id": "SpiritoftheSeason",
        "buildup_count": 50,
        "limit_break_count": 4,
        "equipable_count": 4,
        "ability_1_level": 3,
        "ability_2_level": 3,
        "hp_plus_count": 50,
        "attack_plus_count": 50
      }
    ],
    "crest_slot_type_2_crest_list": [
      {
        "ability_crest_id": "FromWhenceHeComes",
        "buildup_count": 40,
        "limit_break_count": 4,
        "equipable_count": 2,
        "ability_1_level": 3,
        "ability_2_level": 3,
        "hp_plus_count": 50,
        "attack_plus_count": 50
      },
      {
        "ability_crest_id": "TheWarrioresses",
        "buildup_count": 40,
        "limit_break_count": 4,
        "equipable_count": 1,
        "ability_1_level": 3,
        "ability_2_level": 3,
        "hp_plus_count": 50,
        "attack_plus_count": 50
      }
    ],
    "crest_slot_type_3_crest_list": [
      {
        "ability_crest_id": "PromisedPietyStaffsBoon",
        "buildup_count": 30,
        "limit_break_count": 4,
        "equipable_count": 2,
        "ability_1_level": 3,
        "ability_2_level": 3,
        "hp_plus_count": 40,
        "attack_plus_count": 40
      },
      {
        "ability_crest_id": "AKingsPrideStaffsBoon",
        "buildup_count": 30,
        "limit_break_count": 4,
        "equipable_count": 2,
        "ability_1_level": 3,
        "ability_2_level": 3,
        "hp_plus_count": 40,
        "attack_plus_count": 40
      }
    ],
    "talisman_data": {
      "talisman_key_id": 26,
      "talisman_id": "GalaLuca",
      "talisman_ability_id_1": 340000069,
      "talisman_ability_id_2": 340000108,
      "talisman_ability_id_3": 0,
      "additional_hp": 0,
      "additional_attack": 0,
      "is_new": true,
      "is_lock": true,
      "gettime": "2021-12-30T10:10:51+00:00"
    },
    "edit_skill_1_chara_data": {
      "chara_id": "Mitsuhide",
      "edit_skill_level": 3
    },
    "edit_skill_2_chara_data": {
      "chara_id": "HalloweenLaxi",
      "edit_skill_level": 3
    },
    "game_weapon_passive_ability_list": [],
    "dragon_reliability_level": 30
  },
  {
    "position": 4,
    "chara_data": {
      "chara_id": "BondforgedZethia",
      "exp": 1191950,
      "level": 80,
      "additional_max_level": 0,
      "hp": 751,
      "attack": 510,
      "ex_ability_level": 5,
      "ex_ability_2_level": 5,
      "ability_1_level": 2,
      "ability_2_level": 2,
      "ability_3_level": 2,
      "is_new": 1,
      "skill_1_level": 3,
      "skill_2_level": 2,
      "burst_attack_level": 2,
      "rarity": 5,
      "limit_break_count": 4,
      "hp_plus_count": 100,
      "attack_plus_count": 100,
      "status_plus_count": 0,
      "combo_buildup_count": 0,
      "is_unlock_edit_skill": false,
      "gettime": "2022-03-31T13:48:38+00:00",
      "mana_circle_piece_id_list": [
        1,
        2,
        3,
        4,
        5,
        6,
        7,
        8,
        9,
        10,
        11,
        12,
        13,
        14,
        15,
        16,
        17,
        18,
        19,
        20,
        21,
        22,
        23,
        24,
        25,
        26,
        27,
        28,
        29,
        30,
        31,
        32,
        33,
        34,
        35,
        36,
        37,
        38,
        39,
        40,
        41,
        42,
        43,
        44,
        45,
        46,
        47,
        48,
        49,
        50
      ],
      "is_temporary": 0,
      "list_view_flag": 1
    },
    "dragon_data": {
      "dragon_id": "Cupid",
      "dragon_key_id": 66,
      "level": 120,
      "exp": 3365620,
      "is_lock": true,
      "is_new": true,
      "get_time": "2020-02-05T07:37:18+00:00",
      "skill_1_level": 2,
      "ability_1_level": 6,
      "ability_2_level": 6,
      "limit_break_count": 5,
      "hp_plus_count": 50,
      "attack_plus_count": 50,
      "status_plus_count": 0
    },
    "weapon_skin_data": {
      "weapon_skin_id": 0
    },
    "weapon_body_data": {
      "weapon_body_id": "Brionac",
      "buildup_count": 80,
      "limit_break_count": 8,
      "limit_over_count": 1,
      "skill_no": 1,
      "skill_level": 2,
      "ability_1_level": 2,
      "ability_2_level": 2,
      "equipable_count": 1,
      "additional_crest_slot_type_1_count": 1,
      "additional_crest_slot_type_2_count": 0,
      "additional_crest_slot_type_3_count": 2,
      "additional_effect_count": 0
    },
    "crest_slot_type_1_crest_list": [
      {
        "ability_crest_id": "ExtremeTeamwork",
        "buildup_count": 50,
        "limit_break_count": 4,
        "equipable_count": 4,
        "ability_1_level": 3,
        "ability_2_level": 3,
        "hp_plus_count": 50,
        "attack_plus_count": 50
      },
      {
        "ability_crest_id": "SpiritoftheSeason",
        "buildup_count": 50,
        "limit_break_count": 4,
        "equipable_count": 4,
        "ability_1_level": 3,
        "ability_2_level": 3,
        "hp_plus_count": 50,
        "attack_plus_count": 50
      },
      {
        "ability_crest_id": "BondsBetweenWorlds",
        "buildup_count": 50,
        "limit_break_count": 4,
        "equipable_count": 4,
        "ability_1_level": 3,
        "ability_2_level": 3,
        "hp_plus_count": 50,
        "attack_plus_count": 50
      }
    ],
    "crest_slot_type_2_crest_list": [
      {
        "ability_crest_id": "ChariotDrift",
        "buildup_count": 40,
        "limit_break_count": 4,
        "equipable_count": 4,
        "ability_1_level": 3,
        "ability_2_level": 3,
        "hp_plus_count": 50,
        "attack_plus_count": 50
      },
      {
        "ability_crest_id": "SnipersAllure",
        "buildup_count": 40,
        "limit_break_count": 4,
        "equipable_count": 4,
        "ability_1_level": 3,
        "ability_2_level": 3,
        "hp_plus_count": 50,
        "attack_plus_count": 50
      }
    ],
    "crest_slot_type_3_crest_list": [
      {
        "ability_crest_id": "AKnightsDreamAxesBoon",
        "buildup_count": 30,
        "limit_break_count": 4,
        "equipable_count": 4,
        "ability_1_level": 3,
        "ability_2_level": 3,
        "hp_plus_count": 40,
        "attack_plus_count": 40
      },
      {
        "ability_crest_id": "TutelarysDestinyWolfsBoon",
        "buildup_count": 30,
        "limit_break_count": 4,
        "equipable_count": 4,
        "ability_1_level": 3,
        "ability_2_level": 3,
        "hp_plus_count": 40,
        "attack_plus_count": 40
      }
    ],
    "talisman_data": {
      "talisman_key_id": 65,
      "talisman_id": "Pecorine",
      "talisman_ability_id_1": 340000029,
      "talisman_ability_id_2": 340000056,
      "talisman_ability_id_3": 0,
      "additional_hp": 0,
      "additional_attack": 0,
      "is_new": true,
      "is_lock": true,
      "gettime": "2022-01-08T20:49:41+00:00"
    },
    "edit_skill_1_chara_data": {
      "chara_id": "Cleo",
      "edit_skill_level": 4
    },
    "edit_skill_2_chara_data": {
      "chara_id": "Ranzal",
      "edit_skill_level": 4
    },
    "game_weapon_passive_ability_list": [],
    "dragon_reliability_level": 30
  },
  {
    "position": 5,
    "chara_data": {
      "chara_id": "NurseAeleen",
      "exp": 5934229,
      "level": 95,
      "additional_max_level": 20,
      "hp": 899,
      "attack": 517,
      "ex_ability_level": 5,
      "ex_ability_2_level": 5,
      "ability_1_level": 3,
      "ability_2_level": 3,
      "ability_3_level": 2,
      "is_new": 1,
      "skill_1_level": 4,
      "skill_2_level": 2,
      "burst_attack_level": 2,
      "rarity": 5,
      "limit_break_count": 5,
      "hp_plus_count": 100,
      "attack_plus_count": 100,
      "status_plus_count": 0,
      "combo_buildup_count": 0,
      "is_unlock_edit_skill": false,
      "gettime": "2019-10-18T11:59:01+00:00",
      "mana_circle_piece_id_list": [
        1,
        2,
        3,
        4,
        5,
        6,
        7,
        8,
        9,
        10,
        11,
        12,
        13,
        14,
        15,
        16,
        17,
        18,
        19,
        20,
        21,
        22,
        23,
        24,
        25,
        26,
        27,
        28,
        29,
        30,
        31,
        32,
        33,
        34,
        35,
        36,
        37,
        38,
        39,
        40,
        41,
        42,
        43,
        44,
        45,
        46,
        47,
        48,
        49,
        50,
        51,
        52,
        53,
        54,
        55,
        56,
        57,
        58,
        59,
        60,
        61,
        62,
        63,
        64,
        65
      ],
      "is_temporary": 0,
      "list_view_flag": 1
    },
    "dragon_data": {
      "dragon_id": "GaibhneCreidhne",
      "dragon_key_id": 89,
      "level": 100,
      "exp": 1240020,
      "is_lock": true,
      "is_new": true,
      "get_time": "2020-10-05T06:08:53+00:00",
      "skill_1_level": 2,
      "ability_1_level": 5,
      "ability_2_level": 5,
      "limit_break_count": 4,
      "hp_plus_count": 50,
      "attack_plus_count": 50,
      "status_plus_count": 0
    },
    "weapon_skin_data": {
      "weapon_skin_id": 0
    },
    "weapon_body_data": {
      "weapon_body_id": "Kunado",
      "buildup_count": 80,
      "limit_break_count": 8,
      "limit_over_count": 1,
      "skill_no": 1,
      "skill_level": 2,
      "ability_1_level": 2,
      "ability_2_level": 2,
      "equipable_count": 1,
      "additional_crest_slot_type_1_count": 1,
      "additional_crest_slot_type_2_count": 0,
      "additional_crest_slot_type_3_count": 2,
      "additional_effect_count": 0
    },
    "crest_slot_type_1_crest_list": [
      {
        "ability_crest_id": "WilyWarriorsFlashAndHeat",
        "buildup_count": 50,
        "limit_break_count": 4,
        "equipable_count": 1,
        "ability_1_level": 3,
        "ability_2_level": 3,
        "hp_plus_count": 50,
        "attack_plus_count": 50
      },
      {
        "ability_crest_id": "StudyRabbits",
        "buildup_count": 50,
        "limit_break_count": 4,
        "equipable_count": 2,
        "ability_1_level": 3,
        "ability_2_level": 3,
        "hp_plus_count": 50,
        "attack_plus_count": 50
      },
      {
        "ability_crest_id": "JewelsoftheSun",
        "buildup_count": 50,
        "limit_break_count": 4,
        "equipable_count": 2,
        "ability_1_level": 3,
        "ability_2_level": 3,
        "hp_plus_count": 50,
        "attack_plus_count": 50
      }
    ],
    "crest_slot_type_2_crest_list": [
      {
        "ability_crest_id": "FromWhenceHeComes",
        "buildup_count": 40,
        "limit_break_count": 4,
        "equipable_count": 2,
        "ability_1_level": 3,
        "ability_2_level": 3,
        "hp_plus_count": 50,
        "attack_plus_count": 50
      },
      {
        "ability_crest_id": "Bellathorna",
        "buildup_count": 20,
        "limit_break_count": 4,
        "equipable_count": 4,
        "ability_1_level": 3,
        "ability_2_level": 3,
        "hp_plus_count": 50,
        "attack_plus_count": 50
      }
    ],
    "crest_slot_type_3_crest_list": [
      {
        "ability_crest_id": "PromisedPietyStaffsBoon",
        "buildup_count": 30,
        "limit_break_count": 4,
        "equipable_count": 2,
        "ability_1_level": 3,
        "ability_2_level": 3,
        "hp_plus_count": 40,
        "attack_plus_count": 40
      },
      {
        "ability_crest_id": "AKingsPrideStaffsBoon",
        "buildup_count": 30,
        "limit_break_count": 4,
        "equipable_count": 2,
        "ability_1_level": 3,
        "ability_2_level": 3,
        "hp_plus_count": 40,
        "attack_plus_count": 40
      }
    ],
    "talisman_data": {
      "talisman_key_id": 49,
      "talisman_id": "Lazry",
      "talisman_ability_id_1": 340000118,
      "talisman_ability_id_2": 340000107,
      "talisman_ability_id_3": 0,
      "additional_hp": 0,
      "additional_attack": 0,
      "is_new": true,
      "is_lock": true,
      "gettime": "2022-01-02T18:57:44+00:00"
    },
    "edit_skill_1_chara_data": {
      "chara_id": "HalloweenLowen",
      "edit_skill_level": 3
    },
    "edit_skill_2_chara_data": {
      "chara_id": "GalaZena",
      "edit_skill_level": 4
    },
    "game_weapon_passive_ability_list": [],
    "dragon_reliability_level": 30
  },
  {
    "position": 6,
    "chara_data": {
      "chara_id": "Catherine",
      "exp": 8866950,
      "level": 100,
      "additional_max_level": 20,
      "hp": 902,
      "attack": 608,
      "ex_ability_level": 5,
      "ex_ability_2_level": 5,
      "ability_1_level": 3,
      "ability_2_level": 3,
      "ability_3_level": 3,
      "is_new": 1,
      "skill_1_level": 4,
      "skill_2_level": 3,
      "burst_attack_level": 2,
      "rarity": 5,
      "limit_break_count": 5,
      "hp_plus_count": 100,
      "attack_plus_count": 100,
      "status_plus_count": 0,
      "combo_buildup_count": 1,
      "is_unlock_edit_skill": false,
      "gettime": "2021-11-02T09:57:41+00:00",
      "mana_circle_piece_id_list": [
        1,
        2,
        3,
        4,
        5,
        6,
        7,
        8,
        9,
        10,
        11,
        12,
        13,
        14,
        15,
        16,
        17,
        18,
        19,
        20,
        21,
        22,
        23,
        24,
        25,
        26,
        27,
        28,
        29,
        30,
        31,
        32,
        33,
        34,
        35,
        36,
        37,
        38,
        39,
        40,
        41,
        42,
        43,
        44,
        45,
        46,
        47,
        48,
        49,
        50,
        51,
        52,
        53,
        54,
        55,
        56,
        57,
        58,
        59,
        60,
        61,
        62,
        63,
        64,
        65,
        66,
        67,
        68,
        69,
        70
      ],
      "is_temporary": 0,
      "list_view_flag": 1
    },
    "dragon_data": {
      "dragon_id": "GalaBeastCiella",
      "dragon_key_id": 113,
      "level": 100,
      "exp": 1240020,
      "is_lock": true,
      "is_new": true,
      "get_time": "2022-01-03T12:27:36+00:00",
      "skill_1_level": 2,
      "ability_1_level": 5,
      "ability_2_level": 5,
      "limit_break_count": 4,
      "hp_plus_count": 50,
      "attack_plus_count": 50,
      "status_plus_count": 0
    },
    "weapon_skin_data": {
      "weapon_skin_id": 0
    },
    "weapon_body_data": {
      "weapon_body_id": "AmenoNuhoko",
      "buildup_count": 80,
      "limit_break_count": 8,
      "limit_over_count": 1,
      "skill_no": 1,
      "skill_level": 2,
      "ability_1_level": 2,
      "ability_2_level": 2,
      "equipable_count": 1,
      "additional_crest_slot_type_1_count": 1,
      "additional_crest_slot_type_2_count": 0,
      "additional_crest_slot_type_3_count": 2,
      "additional_effect_count": 0
    },
    "crest_slot_type_1_crest_list": [
      {
        "ability_crest_id": "WingsofRebellionatRest",
        "buildup_count": 50,
        "limit_break_count": 4,
        "equipable_count": 2,
        "ability_1_level": 3,
        "ability_2_level": 3,
        "hp_plus_count": 50,
        "attack_plus_count": 50
      },
      {
        "ability_crest_id": "BondsBetweenWorlds",
        "buildup_count": 50,
        "limit_break_count": 4,
        "equipable_count": 4,
        "ability_1_level": 3,
        "ability_2_level": 3,
        "hp_plus_count": 50,
        "attack_plus_count": 50
      },
      {
        "ability_crest_id": "AWonderfulValentines",
        "buildup_count": 50,
        "limit_break_count": 4,
        "equipable_count": 1,
        "ability_1_level": 3,
        "ability_2_level": 3,
        "hp_plus_count": 50,
        "attack_plus_count": 50
      }
    ],
    "crest_slot_type_2_crest_list": [
      {
        "ability_crest_id": "SnipersAllure",
        "buildup_count": 40,
        "limit_break_count": 4,
        "equipable_count": 4,
        "ability_1_level": 3,
        "ability_2_level": 3,
        "hp_plus_count": 50,
        "attack_plus_count": 50
      },
      {
        "ability_crest_id": "SaintStarfallsCircus",
        "buildup_count": 40,
        "limit_break_count": 4,
        "equipable_count": 4,
        "ability_1_level": 3,
        "ability_2_level": 3,
        "hp_plus_count": 50,
        "attack_plus_count": 50
      }
    ],
    "crest_slot_type_3_crest_list": [
      {
        "ability_crest_id": "TutelarysDestinyWolfsBoon",
        "buildup_count": 30,
        "limit_break_count": 4,
        "equipable_count": 4,
        "ability_1_level": 3,
        "ability_2_level": 3,
        "hp_plus_count": 40,
        "attack_plus_count": 40
      },
      {
        "ability_crest_id": "TestamentofEternityFishsBoon",
        "buildup_count": 30,
        "limit_break_count": 4,
        "equipable_count": 1,
        "ability_1_level": 3,
        "ability_2_level": 3,
        "hp_plus_count": 40,
        "attack_plus_count": 40
      }
    ],
    "talisman_data": {
      "talisman_key_id": 133,
      "talisman_id": "GalaEmile",
      "talisman_ability_id_1": 340000099,
      "talisman_ability_id_2": 340000128,
      "talisman_ability_id_3": 0,
      "additional_hp": 0,
      "additional_attack": 0,
      "is_new": true,
      "is_lock": true,
      "gettime": "2022-01-31T13:12:18+00:00"
    },
    "edit_skill_1_chara_data": {
      "chara_id": "Cleo",
      "edit_skill_level": 4
    },
    "edit_skill_2_chara_data": {
      "chara_id": "Ranzal",
      "edit_skill_level": 4
    },
    "game_weapon_passive_ability_list": [],
    "dragon_reliability_level": 30
  },
  {
    "position": 7,
    "chara_data": {
      "chara_id": "Origa",
      "exp": 1191950,
      "level": 80,
      "additional_max_level": 0,
      "hp": 750,
      "attack": 511,
      "ex_ability_level": 5,
      "ex_ability_2_level": 5,
      "ability_1_level": 2,
      "ability_2_level": 2,
      "ability_3_level": 2,
      "is_new": 0,
      "skill_1_level": 3,
      "skill_2_level": 2,
      "burst_attack_level": 2,
      "rarity": 5,
      "limit_break_count": 4,
      "hp_plus_count": 100,
      "attack_plus_count": 100,
      "status_plus_count": 0,
      "combo_buildup_count": 0,
      "is_unlock_edit_skill": false,
      "gettime": "2022-03-31T14:02:40+00:00",
      "mana_circle_piece_id_list": [
        1,
        2,
        3,
        4,
        5,
        6,
        7,
        8,
        9,
        10,
        11,
        12,
        13,
        14,
        15,
        16,
        17,
        18,
        19,
        20,
        21,
        22,
        23,
        24,
        25,
        26,
        27,
        28,
        29,
        30,
        31,
        32,
        33,
        34,
        35,
        36,
        37,
        38,
        39,
        40,
        41,
        42,
        43,
        44,
        45,
        46,
        47,
        48,
        49,
        50
      ],
      "is_temporary": 0,
      "list_view_flag": 1
    },
    "dragon_data": {
      "dragon_id": "Leviathan",
      "dragon_key_id": 3,
      "level": 120,
      "exp": 3365620,
      "is_lock": true,
      "is_new": true,
      "get_time": "2019-05-06T14:22:40+00:00",
      "skill_1_level": 2,
      "ability_1_level": 6,
      "ability_2_level": 6,
      "limit_break_count": 5,
      "hp_plus_count": 50,
      "attack_plus_count": 50,
      "status_plus_count": 0
    },
    "weapon_skin_data": {
      "weapon_skin_id": 0
    },
    "weapon_body_data": {
      "weapon_body_id": "Omizununo",
      "buildup_count": 80,
      "limit_break_count": 8,
      "limit_over_count": 1,
      "skill_no": 1,
      "skill_level": 2,
      "ability_1_level": 2,
      "ability_2_level": 2,
      "equipable_count": 1,
      "additional_crest_slot_type_1_count": 1,
      "additional_crest_slot_type_2_count": 0,
      "additional_crest_slot_type_3_count": 2,
      "additional_effect_count": 0
    },
    "crest_slot_type_1_crest_list": [
      {
        "ability_crest_id": "BloodyLittleQueen",
        "buildup_count": 50,
        "limit_break_count": 4,
        "equipable_count": 1,
        "ability_1_level": 3,
        "ability_2_level": 3,
        "hp_plus_count": 50,
        "attack_plus_count": 50
      },
      {
        "ability_crest_id": "BondsBetweenWorlds",
        "buildup_count": 50,
        "limit_break_count": 4,
        "equipable_count": 4,
        "ability_1_level": 3,
        "ability_2_level": 3,
        "hp_plus_count": 50,
        "attack_plus_count": 50
      },
      {
        "ability_crest_id": "CrystalianEnvoy",
        "buildup_count": 50,
        "limit_break_count": 4,
        "equipable_count": 1,
        "ability_1_level": 3,
        "ability_2_level": 3,
        "hp_plus_count": 50,
        "attack_plus_count": 50
      }
    ],
    "crest_slot_type_2_crest_list": [
      {
        "ability_crest_id": "SnipersAllure",
        "buildup_count": 40,
        "limit_break_count": 4,
        "equipable_count": 4,
        "ability_1_level": 3,
        "ability_2_level": 3,
        "hp_plus_count": 50,
        "attack_plus_count": 50
      },
      {
        "ability_crest_id": "HisCleverBrother",
        "buildup_count": 40,
        "limit_break_count": 4,
        "equipable_count": 4,
        "ability_1_level": 3,
        "ability_2_level": 3,
        "hp_plus_count": 50,
        "attack_plus_count": 50
      }
    ],
    "crest_slot_type_3_crest_list": [
      {
        "ability_crest_id": "TutelarysDestinyWolfsBoon",
        "buildup_count": 30,
        "limit_break_count": 4,
        "equipable_count": 4,
        "ability_1_level": 3,
        "ability_2_level": 3,
        "hp_plus_count": 40,
        "attack_plus_count": 40
      },
      {
        "ability_crest_id": "AKnightsDreamAxesBoon",
        "buildup_count": 30,
        "limit_break_count": 4,
        "equipable_count": 4,
        "ability_1_level": 3,
        "ability_2_level": 3,
        "hp_plus_count": 40,
        "attack_plus_count": 40
      }
    ],
    "talisman_data": {
      "talisman_key_id": 68,
      "talisman_id": "Pinon",
      "talisman_ability_id_1": 340000119,
      "talisman_ability_id_2": 340000089,
      "talisman_ability_id_3": 0,
      "additional_hp": 0,
      "additional_attack": 0,
      "is_new": true,
      "is_lock": true,
      "gettime": "2022-01-09T01:01:54+00:00"
    },
    "edit_skill_1_chara_data": {
      "chara_id": "Cleo",
      "edit_skill_level": 4
    },
    "edit_skill_2_chara_data": {
      "chara_id": "Ranzal",
      "edit_skill_level": 4
    },
    "game_weapon_passive_ability_list": [],
    "dragon_reliability_level": 30
  },
  {
    "position": 8,
    "chara_data": {
      "chara_id": "GalaMascula",
      "exp": 1191950,
      "level": 80,
      "additional_max_level": 0,
      "hp": 743,
      "attack": 518,
      "ex_ability_level": 5,
      "ex_ability_2_level": 5,
      "ability_1_level": 2,
      "ability_2_level": 2,
      "ability_3_level": 2,
      "is_new": 1,
      "skill_1_level": 3,
      "skill_2_level": 2,
      "burst_attack_level": 2,
      "rarity": 5,
      "limit_break_count": 4,
      "hp_plus_count": 100,
      "attack_plus_count": 100,
      "status_plus_count": 0,
      "combo_buildup_count": 0,
      "is_unlock_edit_skill": true,
      "gettime": "2021-09-28T06:53:24+00:00",
      "mana_circle_piece_id_list": [
        1,
        2,
        3,
        4,
        5,
        6,
        7,
        8,
        9,
        10,
        11,
        12,
        13,
        14,
        15,
        16,
        17,
        18,
        19,
        20,
        21,
        22,
        23,
        24,
        25,
        26,
        27,
        28,
        29,
        30,
        31,
        32,
        33,
        34,
        35,
        36,
        37,
        38,
        39,
        40,
        41,
        42,
        43,
        44,
        45,
        46,
        47,
        48,
        49,
        50
      ],
      "is_temporary": 0,
      "list_view_flag": 1
    },
    "dragon_data": {
      "dragon_id": "GalaRebornPoseidon",
      "dragon_key_id": 91,
      "level": 100,
      "exp": 1240020,
      "is_lock": true,
      "is_new": true,
      "get_time": "2020-10-31T06:00:35+00:00",
      "skill_1_level": 2,
      "ability_1_level": 5,
      "ability_2_level": 5,
      "limit_break_count": 4,
      "hp_plus_count": 50,
      "attack_plus_count": 50,
      "status_plus_count": 0
    },
    "weapon_skin_data": {
      "weapon_skin_id": 0
    },
    "weapon_body_data": {
      "weapon_body_id": "AmenoHabakiri",
      "buildup_count": 80,
      "limit_break_count": 8,
      "limit_over_count": 1,
      "skill_no": 1,
      "skill_level": 2,
      "ability_1_level": 2,
      "ability_2_level": 2,
      "equipable_count": 2,
      "additional_crest_slot_type_1_count": 1,
      "additional_crest_slot_type_2_count": 0,
      "additional_crest_slot_type_3_count": 2,
      "additional_effect_count": 0
    },
    "crest_slot_type_1_crest_list": [
      {
        "ability_crest_id": "WingsofRebellionatRest",
        "buildup_count": 50,
        "limit_break_count": 4,
        "equipable_count": 2,
        "ability_1_level": 3,
        "ability_2_level": 3,
        "hp_plus_count": 50,
        "attack_plus_count": 50
      },
      {
        "ability_crest_id": "ThirdAnniversary",
        "buildup_count": 50,
        "limit_break_count": 4,
        "equipable_count": 4,
        "ability_1_level": 3,
        "ability_2_level": 3,
        "hp_plus_count": 50,
        "attack_plus_count": 50
      },
      {
        "ability_crest_id": "CastleCheerCorps",
        "buildup_count": 50,
        "limit_break_count": 4,
        "equipable_count": 2,
        "ability_1_level": 3,
        "ability_2_level": 3,
        "hp_plus_count": 50,
        "attack_plus_count": 50
      }
    ],
    "crest_slot_type_2_crest_list": [
      {
        "ability_crest_id": "ASmallCourage",
        "buildup_count": 40,
        "limit_break_count": 4,
        "equipable_count": 2,
        "ability_1_level": 3,
        "ability_2_level": 3,
        "hp_plus_count": 50,
        "attack_plus_count": 50
      },
      {
        "ability_crest_id": "BFFs",
        "buildup_count": 40,
        "limit_break_count": 4,
        "equipable_count": 1,
        "ability_1_level": 3,
        "ability_2_level": 3,
        "hp_plus_count": 50,
        "attack_plus_count": 50
      }
    ],
    "crest_slot_type_3_crest_list": [
      {
        "ability_crest_id": "AKnightsDreamAxesBoon",
        "buildup_count": 30,
        "limit_break_count": 4,
        "equipable_count": 4,
        "ability_1_level": 3,
        "ability_2_level": 3,
        "hp_plus_count": 40,
        "attack_plus_count": 40
      },
      {
        "ability_crest_id": "PromisedPietyStaffsBoon",
        "buildup_count": 30,
        "limit_break_count": 4,
        "equipable_count": 2,
        "ability_1_level": 3,
        "ability_2_level": 3,
        "hp_plus_count": 40,
        "attack_plus_count": 40
      }
    ],
    "talisman_data": {
      "talisman_key_id": 36,
      "talisman_id": "Valerio",
      "talisman_ability_id_1": 340000008,
      "talisman_ability_id_2": 340000036,
      "talisman_ability_id_3": 0,
      "additional_hp": 0,
      "additional_attack": 0,
      "is_new": true,
      "is_lock": true,
      "gettime": "2022-01-01T03:52:09+00:00"
    },
    "edit_skill_1_chara_data": {
      "chara_id": "Cleo",
      "edit_skill_level": 4
    },
    "edit_skill_2_chara_data": {
      "chara_id": "Ranzal",
      "edit_skill_level": 4
    },
    "game_weapon_passive_ability_list": [
      {
        "weapon_passive_ability_id": 1020211
      }
    ],
    "dragon_reliability_level": 30
  }
]
